############ ########################## ########################### ############
#O....................................# #.....................................O#
#.###################################.# #.####################################.#
#.###################################.# #.####################################.#
#.##########...........................O............................##########.#
#.##########.##########################.###########################.##########.#
#.##########.##########################.###########################.##########.#
 ............##########################.###########################............ 
#.##########.##########################.###########################.##########.#
#.##########.##########################.###########################.##########.#
#.##########.##########################.###########################.##########.#
#...........O......................................................O...........#
######.#####.#######.##################.####################.######.#####.######
######.#####.#######.##################.####################.######.#####.######
######.#####.#######.##################.####################.######.#####.######
######.#####.#######.##################.####################.######.#####.######
######.#####.#######.........................................######.#####.######
######.#####.#######.#######################################.######.#####.######
######.#####.#######.#######################################.######.#####.######
      .#####........................... ............................#####       
######.#####.#######.#######################################.######.#####.######
######.#####.#######.#######################################.######.#####.######
######.#####.#######.........................................######.#####.######
######.#####.#######.##################.####################.######.#####.######
######.#####.#######.##################.####################.######.#####.######
######.#####.#######.##################.####################.######.#####.######
######.#####.#######.##################.####################.######.#####.######
#...........O.......................... ...........................O...........#
#.##########.##########################.###########################.##########.#
#.##########.##########################.###########################.##########.#
#.##########.##########################.###########################.##########.#
#.##########.##########################.###########################.##########.#
 .##########.##########################.###########################.##########. 
#.##########.##########################.###########################.##########.#
#.##########.##########################.###########################.##########.#
#.##########...........................O............................##########.#
#.###################################.# #.####################################.#
#.###################################.# #.####################################.#
#O....................................# #.....................................O#
############ ########################## ########################### ############
39
19
39
27


