################################################################################
#O.......................##############################.......................O#
#.######################.##############################.######################.#
#.######################................................######################.#
#.######################.##############.###############.######################.#
#.######################.##############.###############.######################.#
#.######################.##############.###############.######################.#
#........................##############.###############........................#
#.#####################################.######################################.#
#.#####################################.######################################.#
#.#####################################.######################################.#
................................................................................
#.##########.########################## ###########################.##########.#
#.##########.######################################################.##########.#
#.##########.######################################################.##########.#
#.##########.######################################################.##########.#
#.##########.#######.........................................######.##########.#
#.##########.#######.##################.####################.######.##########.#
#.##########.#######.##################.####################.######.##########.#
#.##########.........##################.####################........##########.#
#.##########.#######.##################.####################.######.##########.#
#.##########.#######.##################.####################.######.##########.#
#.##########.#######.........................................######.##########.#
#.##########.######################################################.##########.#
#.##########.######################################################.##########.#
#.##########.######################################################.##########.#
#.##########.######################################################.##########.#
#...................................... .......................................#
#.#####################################.######################### ############.#
#.#####################################.######################### ############.#
#.#####################################.######################### ############.#
#.#####################################.######################### ############.#
#........................##############.###############........................#
#.####.#################.##############.###############.######################.#
#.####.#################.##############.###############.######################.#
#.####.#################.##############.###############.######################.#
#.####.#################................................######################.#
#.####.#################.##############################.######################.#
#O.......................##############################.......................O#
################################################################################
39
12
39
27


